#-----------------------------------------------------------
# Vivado v2020.2 (64-bit)
# SW Build 3064766 on Wed Nov 18 09:12:45 MST 2020
# IP Build 3064653 on Wed Nov 18 14:17:31 MST 2020
# Start of session at: Mon Apr 25 08:57:33 2022
# Process ID: 11860
# Current directory: C:/Users/txzing/Desktop/modbus_rtu_slave_rtl/vivado/vivado_proj
# Command line: vivado.exe -gui_launcher_event rodinguilauncherevent15564 C:\Users\txzing\Desktop\modbus_rtu_slave_rtl\vivado\vivado_proj\vivado_proj.xpr
# Log file: C:/Users/txzing/Desktop/modbus_rtu_slave_rtl/vivado/vivado_proj/vivado.log
# Journal file: C:/Users/txzing/Desktop/modbus_rtu_slave_rtl/vivado/vivado_proj\vivado.jou
#-----------------------------------------------------------
start_gui
open_project C:/Users/txzing/Desktop/modbus_rtu_slave_rtl/vivado/vivado_proj/vivado_proj.xpr
update_compile_order -fileset sources_1
reset_run synth_1
launch_runs impl_1 -to_step write_bitstream -jobs 8
wait_on_run impl_1
reset_run impl_1 -prev_step 
launch_runs impl_1 -to_step write_bitstream -jobs 8
wait_on_run impl_1
